// Jest Snapshot v1, https://goo.gl/fbAQLP

exports[`LabProvider matches snapshot 1`] = `
<DocumentFragment>
  <div>
    Test child
  </div>
</DocumentFragment>
`;
